From A to C
1) A -> C
2) A -> B
3) C -> B
4) A -> C
5) B -> A
6) B -> C
7) A -> C
8) A -> B
9) C -> B
10) C -> A
11) B -> A
12) C -> B
13) A -> C
14) A -> B
15) C -> B
16) A -> C
17) B -> A
18) B -> C
19) A -> C
20) B -> A
21) C -> B
22) C -> A
23) B -> A
24) B -> C
25) A -> C
26) A -> B
27) C -> B
28) A -> C
29) B -> A
30) B -> C
31) A -> C
32) A -> B
33) C -> B
34) C -> A
35) B -> A
36) C -> B
37) A -> C
38) A -> B
39) C -> B
40) C -> A
41) B -> A
42) B -> C
43) A -> C
44) B -> A
45) C -> B
46) C -> A
47) B -> A
48) C -> B
49) A -> C
50) A -> B
51) C -> B
52) A -> C
53) B -> A
54) B -> C
55) A -> C
56) A -> B
57) C -> B
58) C -> A
59) B -> A
60) C -> B
61) A -> C
62) A -> B
63) C -> B
64) A -> C
65) B -> A
66) B -> C
67) A -> C
68) B -> A
69) C -> B
70) C -> A
71) B -> A
72) B -> C
73) A -> C
74) A -> B
75) C -> B
76) A -> C
77) B -> A
78) B -> C
79) A -> C
80) B -> A
81) C -> B
82) C -> A
83) B -> A
84) C -> B
85) A -> C
86) A -> B
87) C -> B
88) C -> A
89) B -> A
90) B -> C
91) A -> C
92) B -> A
93) C -> B
94) C -> A
95) B -> A
96) B -> C
97) A -> C
98) A -> B
99) C -> B
100) A -> C
101) B -> A
102) B -> C
103) A -> C
104) A -> B
105) C -> B
106) C -> A
107) B -> A
108) C -> B
109) A -> C
110) A -> B
111) C -> B
112) A -> C
113) B -> A
114) B -> C
115) A -> C
116) B -> A
117) C -> B
118) C -> A
119) B -> A
120) B -> C
121) A -> C
122) A -> B
123) C -> B
124) A -> C
125) B -> A
126) B -> C
127) A -> C
