From A to C
1) A -> B
2) A -> C
3) B -> C
4) A -> B
5) C -> A
6) C -> B
7) A -> B
8) A -> C
9) B -> C
10) B -> A
11) C -> A
12) B -> C
13) A -> B
14) A -> C
15) B -> C
16) A -> B
17) C -> A
18) C -> B
19) A -> B
20) C -> A
21) B -> C
22) B -> A
23) C -> A
24) C -> B
25) A -> B
26) A -> C
27) B -> C
28) A -> B
29) C -> A
30) C -> B
31) A -> B
32) A -> C
33) B -> C
34) B -> A
35) C -> A
36) B -> C
37) A -> B
38) A -> C
39) B -> C
40) B -> A
41) C -> A
42) C -> B
43) A -> B
44) C -> A
45) B -> C
46) B -> A
47) C -> A
48) B -> C
49) A -> B
50) A -> C
51) B -> C
52) A -> B
53) C -> A
54) C -> B
55) A -> B
56) A -> C
57) B -> C
58) B -> A
59) C -> A
60) B -> C
61) A -> B
62) A -> C
63) B -> C
