From A to C
1) A -> B
2) A -> C
3) B -> C
4) A -> B
5) C -> A
6) C -> B
7) A -> B
8) A -> C
9) B -> C
10) B -> A
11) C -> A
12) B -> C
13) A -> B
14) A -> C
15) B -> C
16) A -> B
17) C -> A
18) C -> B
19) A -> B
20) C -> A
21) B -> C
22) B -> A
23) C -> A
24) C -> B
25) A -> B
26) A -> C
27) B -> C
28) A -> B
29) C -> A
30) C -> B
31) A -> B
32) A -> C
33) B -> C
34) B -> A
35) C -> A
36) B -> C
37) A -> B
38) A -> C
39) B -> C
40) B -> A
41) C -> A
42) C -> B
43) A -> B
44) C -> A
45) B -> C
46) B -> A
47) C -> A
48) B -> C
49) A -> B
50) A -> C
51) B -> C
52) A -> B
53) C -> A
54) C -> B
55) A -> B
56) A -> C
57) B -> C
58) B -> A
59) C -> A
60) B -> C
61) A -> B
62) A -> C
63) B -> C
64) A -> B
65) C -> A
66) C -> B
67) A -> B
68) C -> A
69) B -> C
70) B -> A
71) C -> A
72) C -> B
73) A -> B
74) A -> C
75) B -> C
76) A -> B
77) C -> A
78) C -> B
79) A -> B
80) C -> A
81) B -> C
82) B -> A
83) C -> A
84) B -> C
85) A -> B
86) A -> C
87) B -> C
88) B -> A
89) C -> A
90) C -> B
91) A -> B
92) C -> A
93) B -> C
94) B -> A
95) C -> A
96) C -> B
97) A -> B
98) A -> C
99) B -> C
100) A -> B
101) C -> A
102) C -> B
103) A -> B
104) A -> C
105) B -> C
106) B -> A
107) C -> A
108) B -> C
109) A -> B
110) A -> C
111) B -> C
112) A -> B
113) C -> A
114) C -> B
115) A -> B
116) C -> A
117) B -> C
118) B -> A
119) C -> A
120) C -> B
121) A -> B
122) A -> C
123) B -> C
124) A -> B
125) C -> A
126) C -> B
127) A -> B
128) A -> C
129) B -> C
130) B -> A
131) C -> A
132) B -> C
133) A -> B
134) A -> C
135) B -> C
136) B -> A
137) C -> A
138) C -> B
139) A -> B
140) C -> A
141) B -> C
142) B -> A
143) C -> A
144) B -> C
145) A -> B
146) A -> C
147) B -> C
148) A -> B
149) C -> A
150) C -> B
151) A -> B
152) A -> C
153) B -> C
154) B -> A
155) C -> A
156) B -> C
157) A -> B
158) A -> C
159) B -> C
160) B -> A
161) C -> A
162) C -> B
163) A -> B
164) C -> A
165) B -> C
166) B -> A
167) C -> A
168) C -> B
169) A -> B
170) A -> C
171) B -> C
172) A -> B
173) C -> A
174) C -> B
175) A -> B
176) C -> A
177) B -> C
178) B -> A
179) C -> A
180) B -> C
181) A -> B
182) A -> C
183) B -> C
184) B -> A
185) C -> A
186) C -> B
187) A -> B
188) C -> A
189) B -> C
190) B -> A
191) C -> A
192) B -> C
193) A -> B
194) A -> C
195) B -> C
196) A -> B
197) C -> A
198) C -> B
199) A -> B
200) A -> C
201) B -> C
202) B -> A
203) C -> A
204) B -> C
205) A -> B
206) A -> C
207) B -> C
208) A -> B
209) C -> A
210) C -> B
211) A -> B
212) C -> A
213) B -> C
214) B -> A
215) C -> A
216) C -> B
217) A -> B
218) A -> C
219) B -> C
220) A -> B
221) C -> A
222) C -> B
223) A -> B
224) A -> C
225) B -> C
226) B -> A
227) C -> A
228) B -> C
229) A -> B
230) A -> C
231) B -> C
232) B -> A
233) C -> A
234) C -> B
235) A -> B
236) C -> A
237) B -> C
238) B -> A
239) C -> A
240) B -> C
241) A -> B
242) A -> C
243) B -> C
244) A -> B
245) C -> A
246) C -> B
247) A -> B
248) A -> C
249) B -> C
250) B -> A
251) C -> A
252) B -> C
253) A -> B
254) A -> C
255) B -> C
